mode: set
github.com/robert-crandall/gh-pr-feedback/main.go:5.13,7.2 1 0
github.com/robert-crandall/gh-pr-feedback/cmd/root.go:26.54,41.3 3 0
github.com/robert-crandall/gh-pr-feedback/cmd/root.go:45.16,46.42 1 0
github.com/robert-crandall/gh-pr-feedback/cmd/root.go:46.42,49.3 2 0
github.com/robert-crandall/gh-pr-feedback/cmd/root.go:52.13,61.2 8 0
github.com/robert-crandall/gh-pr-feedback/internal/render/render.go:15.43,23.2 5 1
github.com/robert-crandall/gh-pr-feedback/internal/render/render.go:26.48,27.31 1 1
github.com/robert-crandall/gh-pr-feedback/internal/render/render.go:27.31,29.3 1 1
github.com/robert-crandall/gh-pr-feedback/internal/render/render.go:30.2,30.32 1 1
github.com/robert-crandall/gh-pr-feedback/internal/render/render.go:30.32,32.3 1 1
github.com/robert-crandall/gh-pr-feedback/internal/render/render.go:33.2,34.16 2 1
github.com/robert-crandall/gh-pr-feedback/internal/render/render.go:34.16,36.3 1 0
github.com/robert-crandall/gh-pr-feedback/internal/render/render.go:37.2,37.25 1 1
github.com/robert-crandall/gh-pr-feedback/internal/render/render.go:40.76,42.24 2 1
github.com/robert-crandall/gh-pr-feedback/internal/render/render.go:42.24,45.3 2 0
github.com/robert-crandall/gh-pr-feedback/internal/render/render.go:47.2,47.29 1 1
github.com/robert-crandall/gh-pr-feedback/internal/render/render.go:47.29,51.3 3 1
github.com/robert-crandall/gh-pr-feedback/internal/render/render.go:54.78,56.24 2 1
github.com/robert-crandall/gh-pr-feedback/internal/render/render.go:56.24,59.3 2 0
github.com/robert-crandall/gh-pr-feedback/internal/render/render.go:61.2,61.29 1 1
github.com/robert-crandall/gh-pr-feedback/internal/render/render.go:61.29,66.3 4 1
github.com/robert-crandall/gh-pr-feedback/internal/render/render.go:69.55,71.16 2 1
github.com/robert-crandall/gh-pr-feedback/internal/render/render.go:71.16,74.3 2 0
github.com/robert-crandall/gh-pr-feedback/internal/render/render.go:75.2,75.49 1 1
github.com/robert-crandall/gh-pr-feedback/internal/render/render.go:75.49,76.36 1 1
github.com/robert-crandall/gh-pr-feedback/internal/render/render.go:76.36,78.12 2 0
github.com/robert-crandall/gh-pr-feedback/internal/render/render.go:80.3,82.22 3 1
github.com/robert-crandall/gh-pr-feedback/internal/render/render.go:84.2,84.21 1 1
github.com/robert-crandall/gh-pr-feedback/internal/render/render.go:87.52,89.9 2 1
github.com/robert-crandall/gh-pr-feedback/internal/render/render.go:90.37,91.17 1 1
github.com/robert-crandall/gh-pr-feedback/internal/render/render.go:92.53,93.25 1 0
github.com/robert-crandall/gh-pr-feedback/internal/render/render.go:96.2,96.18 1 1
github.com/robert-crandall/gh-pr-feedback/internal/render/render.go:96.18,97.16 1 0
github.com/robert-crandall/gh-pr-feedback/internal/render/render.go:97.16,99.4 1 0
github.com/robert-crandall/gh-pr-feedback/internal/render/render.go:100.3,100.38 1 0
github.com/robert-crandall/gh-pr-feedback/internal/render/render.go:103.2,103.15 1 1
github.com/robert-crandall/gh-pr-feedback/internal/render/render.go:103.15,105.3 1 0
github.com/robert-crandall/gh-pr-feedback/internal/render/render.go:106.2,106.43 1 1
github.com/robert-crandall/gh-pr-feedback/internal/render/render.go:109.37,110.36 1 1
github.com/robert-crandall/gh-pr-feedback/internal/render/render.go:110.36,112.3 1 0
github.com/robert-crandall/gh-pr-feedback/internal/render/render.go:113.2,113.14 1 1
github.com/robert-crandall/gh-pr-feedback/internal/app/app.go:48.51,49.24 1 0
github.com/robert-crandall/gh-pr-feedback/internal/app/app.go:49.24,51.3 1 0
github.com/robert-crandall/gh-pr-feedback/internal/app/app.go:52.2,52.24 1 0
github.com/robert-crandall/gh-pr-feedback/internal/app/app.go:52.24,54.3 1 0
github.com/robert-crandall/gh-pr-feedback/internal/app/app.go:55.2,56.23 2 0
github.com/robert-crandall/gh-pr-feedback/internal/app/app.go:56.23,58.3 1 0
github.com/robert-crandall/gh-pr-feedback/internal/app/app.go:60.2,60.27 1 0
github.com/robert-crandall/gh-pr-feedback/internal/app/app.go:60.27,61.33 1 0
github.com/robert-crandall/gh-pr-feedback/internal/app/app.go:61.33,63.4 1 0
github.com/robert-crandall/gh-pr-feedback/internal/app/app.go:63.9,65.4 1 0
github.com/robert-crandall/gh-pr-feedback/internal/app/app.go:68.2,69.19 2 0
github.com/robert-crandall/gh-pr-feedback/internal/app/app.go:78.49,81.16 3 0
github.com/robert-crandall/gh-pr-feedback/internal/app/app.go:81.16,83.3 1 0
github.com/robert-crandall/gh-pr-feedback/internal/app/app.go:84.2,85.16 2 0
github.com/robert-crandall/gh-pr-feedback/internal/app/app.go:85.16,87.3 1 0
github.com/robert-crandall/gh-pr-feedback/internal/app/app.go:89.2,90.16 2 0
github.com/robert-crandall/gh-pr-feedback/internal/app/app.go:90.16,92.3 1 0
github.com/robert-crandall/gh-pr-feedback/internal/app/app.go:93.2,96.16 3 0
github.com/robert-crandall/gh-pr-feedback/internal/app/app.go:96.16,98.3 1 0
github.com/robert-crandall/gh-pr-feedback/internal/app/app.go:99.2,102.16 3 0
github.com/robert-crandall/gh-pr-feedback/internal/app/app.go:102.16,104.3 1 0
github.com/robert-crandall/gh-pr-feedback/internal/app/app.go:106.2,107.16 2 0
github.com/robert-crandall/gh-pr-feedback/internal/app/app.go:108.21,110.64 2 0
github.com/robert-crandall/gh-pr-feedback/internal/app/app.go:110.64,112.4 1 0
github.com/robert-crandall/gh-pr-feedback/internal/app/app.go:113.17,115.17 2 0
github.com/robert-crandall/gh-pr-feedback/internal/app/app.go:115.17,117.4 1 0
github.com/robert-crandall/gh-pr-feedback/internal/app/app.go:118.3,118.66 1 0
github.com/robert-crandall/gh-pr-feedback/internal/app/app.go:118.66,120.4 1 0
github.com/robert-crandall/gh-pr-feedback/internal/app/app.go:121.21,123.53 2 0
github.com/robert-crandall/gh-pr-feedback/internal/app/app.go:123.53,125.4 1 0
github.com/robert-crandall/gh-pr-feedback/internal/app/app.go:126.19,128.58 2 0
github.com/robert-crandall/gh-pr-feedback/internal/app/app.go:128.58,130.4 1 0
github.com/robert-crandall/gh-pr-feedback/internal/app/app.go:131.10,132.53 1 0
github.com/robert-crandall/gh-pr-feedback/internal/app/app.go:135.2,135.29 1 0
github.com/robert-crandall/gh-pr-feedback/internal/app/app.go:135.29,136.70 1 0
github.com/robert-crandall/gh-pr-feedback/internal/app/app.go:136.70,138.4 1 0
github.com/robert-crandall/gh-pr-feedback/internal/app/app.go:139.3,139.49 1 0
github.com/robert-crandall/gh-pr-feedback/internal/app/app.go:142.2,142.47 1 0
github.com/robert-crandall/gh-pr-feedback/internal/app/app.go:142.47,143.49 1 0
github.com/robert-crandall/gh-pr-feedback/internal/app/app.go:143.49,145.4 1 0
github.com/robert-crandall/gh-pr-feedback/internal/app/app.go:148.2,148.12 1 0
github.com/robert-crandall/gh-pr-feedback/internal/app/app.go:151.52,152.23 1 0
github.com/robert-crandall/gh-pr-feedback/internal/app/app.go:153.60,154.28 1 0
github.com/robert-crandall/gh-pr-feedback/internal/app/app.go:155.10,156.68 1 0
github.com/robert-crandall/gh-pr-feedback/internal/app/app.go:160.75,161.25 1 0
github.com/robert-crandall/gh-pr-feedback/internal/app/app.go:161.25,164.32 3 0
github.com/robert-crandall/gh-pr-feedback/internal/app/app.go:164.32,166.18 2 0
github.com/robert-crandall/gh-pr-feedback/internal/app/app.go:166.18,168.5 1 0
github.com/robert-crandall/gh-pr-feedback/internal/app/app.go:169.4,169.19 1 0
github.com/robert-crandall/gh-pr-feedback/internal/app/app.go:169.19,171.5 1 0
github.com/robert-crandall/gh-pr-feedback/internal/app/app.go:172.4,172.18 1 0
github.com/robert-crandall/gh-pr-feedback/internal/app/app.go:172.18,174.5 1 0
github.com/robert-crandall/gh-pr-feedback/internal/app/app.go:176.3,176.75 1 0
github.com/robert-crandall/gh-pr-feedback/internal/app/app.go:179.2,179.29 1 0
github.com/robert-crandall/gh-pr-feedback/internal/app/app.go:182.91,184.16 2 0
github.com/robert-crandall/gh-pr-feedback/internal/app/app.go:184.16,186.3 1 0
github.com/robert-crandall/gh-pr-feedback/internal/app/app.go:187.2,188.16 2 0
github.com/robert-crandall/gh-pr-feedback/internal/app/app.go:188.16,190.3 1 0
github.com/robert-crandall/gh-pr-feedback/internal/app/app.go:191.2,191.74 1 0
github.com/robert-crandall/gh-pr-feedback/internal/app/app.go:194.102,195.63 1 0
github.com/robert-crandall/gh-pr-feedback/internal/app/app.go:195.63,198.92 3 0
github.com/robert-crandall/gh-pr-feedback/internal/app/app.go:198.92,200.4 1 0
github.com/robert-crandall/gh-pr-feedback/internal/app/app.go:201.3,201.20 1 0
github.com/robert-crandall/gh-pr-feedback/internal/app/app.go:205.104,238.6 4 0
github.com/robert-crandall/gh-pr-feedback/internal/app/app.go:238.6,276.85 3 0
github.com/robert-crandall/gh-pr-feedback/internal/app/app.go:276.85,278.4 1 0
github.com/robert-crandall/gh-pr-feedback/internal/app/app.go:280.3,280.74 1 0
github.com/robert-crandall/gh-pr-feedback/internal/app/app.go:280.74,282.25 1 0
github.com/robert-crandall/gh-pr-feedback/internal/app/app.go:282.25,283.13 1 0
github.com/robert-crandall/gh-pr-feedback/internal/app/app.go:285.4,285.44 1 0
github.com/robert-crandall/gh-pr-feedback/internal/app/app.go:285.44,294.26 2 0
github.com/robert-crandall/gh-pr-feedback/internal/app/app.go:294.26,295.69 1 0
github.com/robert-crandall/gh-pr-feedback/internal/app/app.go:295.69,297.7 1 0
github.com/robert-crandall/gh-pr-feedback/internal/app/app.go:299.5,299.47 1 0
github.com/robert-crandall/gh-pr-feedback/internal/app/app.go:303.3,303.70 1 0
github.com/robert-crandall/gh-pr-feedback/internal/app/app.go:303.70,304.9 1 0
github.com/robert-crandall/gh-pr-feedback/internal/app/app.go:306.3,306.73 1 0
github.com/robert-crandall/gh-pr-feedback/internal/app/app.go:309.2,309.25 1 0
github.com/robert-crandall/gh-pr-feedback/internal/app/app.go:312.73,314.16 2 1
github.com/robert-crandall/gh-pr-feedback/internal/app/app.go:314.16,316.3 1 0
github.com/robert-crandall/gh-pr-feedback/internal/app/app.go:317.2,317.20 1 1
github.com/robert-crandall/gh-pr-feedback/internal/app/app.go:317.20,319.3 1 0
github.com/robert-crandall/gh-pr-feedback/internal/app/app.go:321.2,327.18 7 1
github.com/robert-crandall/gh-pr-feedback/internal/app/app.go:335.86,337.28 2 0
github.com/robert-crandall/gh-pr-feedback/internal/app/app.go:337.28,339.3 1 0
github.com/robert-crandall/gh-pr-feedback/internal/app/app.go:341.2,342.16 2 0
github.com/robert-crandall/gh-pr-feedback/internal/app/app.go:342.16,344.3 1 0
github.com/robert-crandall/gh-pr-feedback/internal/app/app.go:345.2,345.20 1 0
github.com/robert-crandall/gh-pr-feedback/internal/app/app.go:345.20,347.3 1 0
github.com/robert-crandall/gh-pr-feedback/internal/app/app.go:349.2,351.36 2 0
github.com/robert-crandall/gh-pr-feedback/internal/app/app.go:351.36,358.35 7 0
github.com/robert-crandall/gh-pr-feedback/internal/app/app.go:358.35,360.4 1 0
github.com/robert-crandall/gh-pr-feedback/internal/app/app.go:363.2,363.12 1 0
github.com/robert-crandall/gh-pr-feedback/internal/app/app.go:366.69,369.61 3 0
github.com/robert-crandall/gh-pr-feedback/internal/app/app.go:369.61,371.3 1 0
github.com/robert-crandall/gh-pr-feedback/internal/app/app.go:372.2,376.91 3 0
github.com/robert-crandall/gh-pr-feedback/internal/app/app.go:376.91,378.3 1 0
github.com/robert-crandall/gh-pr-feedback/internal/app/app.go:379.2,379.24 1 0
github.com/robert-crandall/gh-pr-feedback/internal/app/app.go:379.24,381.3 1 0
github.com/robert-crandall/gh-pr-feedback/internal/app/app.go:382.2,382.12 1 0
github.com/robert-crandall/gh-pr-feedback/internal/app/app.go:385.57,386.16 1 0
github.com/robert-crandall/gh-pr-feedback/internal/app/app.go:386.16,388.3 1 0
github.com/robert-crandall/gh-pr-feedback/internal/app/app.go:389.2,390.16 2 0
github.com/robert-crandall/gh-pr-feedback/internal/app/app.go:390.16,391.49 1 0
github.com/robert-crandall/gh-pr-feedback/internal/app/app.go:391.49,393.4 1 0
github.com/robert-crandall/gh-pr-feedback/internal/app/app.go:395.2,395.51 1 0
github.com/robert-crandall/gh-pr-feedback/internal/app/app.go:398.49,405.2 6 1
github.com/robert-crandall/gh-pr-feedback/internal/app/app.go:407.80,411.35 3 1
github.com/robert-crandall/gh-pr-feedback/internal/app/app.go:411.35,414.31 3 1
github.com/robert-crandall/gh-pr-feedback/internal/app/app.go:414.31,415.12 1 1
github.com/robert-crandall/gh-pr-feedback/internal/app/app.go:417.3,417.35 1 1
github.com/robert-crandall/gh-pr-feedback/internal/app/app.go:417.35,420.4 2 1
github.com/robert-crandall/gh-pr-feedback/internal/app/app.go:421.3,422.25 2 1
github.com/robert-crandall/gh-pr-feedback/internal/app/app.go:422.25,424.4 1 1
github.com/robert-crandall/gh-pr-feedback/internal/app/app.go:426.3,427.21 2 1
github.com/robert-crandall/gh-pr-feedback/internal/app/app.go:427.21,430.4 2 1
github.com/robert-crandall/gh-pr-feedback/internal/app/app.go:430.9,432.4 1 0
github.com/robert-crandall/gh-pr-feedback/internal/app/app.go:433.3,434.19 2 1
github.com/robert-crandall/gh-pr-feedback/internal/app/app.go:434.19,435.25 1 1
github.com/robert-crandall/gh-pr-feedback/internal/app/app.go:435.25,437.5 1 1
github.com/robert-crandall/gh-pr-feedback/internal/app/app.go:438.4,438.41 1 1
github.com/robert-crandall/gh-pr-feedback/internal/app/app.go:440.3,442.28 3 1
github.com/robert-crandall/gh-pr-feedback/internal/app/app.go:442.28,445.4 2 1
github.com/robert-crandall/gh-pr-feedback/internal/app/app.go:448.2,449.29 2 1
github.com/robert-crandall/gh-pr-feedback/internal/app/app.go:449.29,451.20 2 1
github.com/robert-crandall/gh-pr-feedback/internal/app/app.go:451.20,452.12 1 0
github.com/robert-crandall/gh-pr-feedback/internal/app/app.go:454.3,455.81 2 1
github.com/robert-crandall/gh-pr-feedback/internal/app/app.go:457.2,457.16 1 1
github.com/robert-crandall/gh-pr-feedback/internal/app/app.go:460.66,461.25 1 1
github.com/robert-crandall/gh-pr-feedback/internal/app/app.go:461.25,463.3 1 1
github.com/robert-crandall/gh-pr-feedback/internal/app/app.go:464.2,464.33 1 1
github.com/robert-crandall/gh-pr-feedback/internal/app/app.go:464.33,466.3 1 1
github.com/robert-crandall/gh-pr-feedback/internal/app/app.go:467.2,467.11 1 0
github.com/robert-crandall/gh-pr-feedback/internal/app/app.go:470.58,471.42 1 1
github.com/robert-crandall/gh-pr-feedback/internal/app/app.go:471.42,473.3 1 0
github.com/robert-crandall/gh-pr-feedback/internal/app/app.go:474.2,474.57 1 1
github.com/robert-crandall/gh-pr-feedback/internal/app/app.go:488.62,490.16 2 0
github.com/robert-crandall/gh-pr-feedback/internal/app/app.go:490.16,492.3 1 0
github.com/robert-crandall/gh-pr-feedback/internal/app/app.go:493.2,496.53 2 0
github.com/robert-crandall/gh-pr-feedback/internal/app/app.go:496.53,498.3 1 0
github.com/robert-crandall/gh-pr-feedback/internal/app/app.go:499.2,499.24 1 0
github.com/robert-crandall/gh-pr-feedback/internal/app/app.go:499.24,501.3 1 0
github.com/robert-crandall/gh-pr-feedback/internal/app/app.go:503.2,504.16 2 0
github.com/robert-crandall/gh-pr-feedback/internal/app/app.go:504.16,506.3 1 0
github.com/robert-crandall/gh-pr-feedback/internal/app/app.go:508.2,508.82 1 0
github.com/robert-crandall/gh-pr-feedback/internal/app/app.go:511.57,513.16 2 0
github.com/robert-crandall/gh-pr-feedback/internal/app/app.go:513.16,515.3 1 0
github.com/robert-crandall/gh-pr-feedback/internal/app/app.go:516.2,522.53 2 0
github.com/robert-crandall/gh-pr-feedback/internal/app/app.go:522.53,524.3 1 0
github.com/robert-crandall/gh-pr-feedback/internal/app/app.go:525.2,525.51 1 0
github.com/robert-crandall/gh-pr-feedback/internal/app/app.go:525.51,527.3 1 0
github.com/robert-crandall/gh-pr-feedback/internal/app/app.go:528.2,528.68 1 0
github.com/robert-crandall/gh-pr-feedback/internal/app/app.go:531.69,536.16 5 0
github.com/robert-crandall/gh-pr-feedback/internal/app/app.go:536.16,538.19 2 0
github.com/robert-crandall/gh-pr-feedback/internal/app/app.go:538.19,540.4 1 0
github.com/robert-crandall/gh-pr-feedback/internal/app/app.go:541.3,541.78 1 0
github.com/robert-crandall/gh-pr-feedback/internal/app/app.go:543.2,543.17 1 0
github.com/robert-crandall/gh-pr-feedback/internal/app/app.go:546.70,548.26 2 1
github.com/robert-crandall/gh-pr-feedback/internal/app/app.go:548.26,550.17 2 1
github.com/robert-crandall/gh-pr-feedback/internal/app/app.go:550.17,552.4 1 0
github.com/robert-crandall/gh-pr-feedback/internal/app/app.go:553.3,553.22 1 1
github.com/robert-crandall/gh-pr-feedback/internal/app/app.go:553.22,554.9 1 1
github.com/robert-crandall/gh-pr-feedback/internal/app/app.go:556.3,557.28 2 1
github.com/robert-crandall/gh-pr-feedback/internal/app/app.go:557.28,558.9 1 1
github.com/robert-crandall/gh-pr-feedback/internal/app/app.go:561.2,561.17 1 1
